[Mon Nov 11 12:36:16 2024] invalid_camp_id: 5
